<?xml version="1.0" encoding="utf-8"?><testsuites><testsuite name="pytest" errors="0" failures="1" skipped="0" tests="3" time="0.607" timestamp="2026-06-10T12:25:20.007859+08:00" hostname="WIN-GQHV9GE2KQ7"><testcase classname="test_api.TestApiCases" name="test_excel_case_[case_dict0]" time="0.012" /><testcase classname="test_api.TestApiCases" name="test_excel_case_[case_dict1]" time="0.240" /><testcase classname="test_api.TestApiCases" name="test_excel_case_[case_dict2]" time="0.063"><failure message="assert 500 == 200&#10; +  where 500 = &lt;Response [500]&gt;.status_code&#10; +  and   200 = &lt;built-in method get of dict object at 0x000002B779AF5F00&gt;('预期状态码')&#10; +    where &lt;built-in method get of dict object at 0x000002B779AF5F00&gt; = {'URL参数': '', 'json参数': '{\n  &quot;model&quot;: &quot;Qwen/Qwen3-0.6B-GGUF&quot;,\n  &quot;messages&quot;: [{&quot;role&quot;: &quot;user&quot;, &quot;content&quot;: &quot;你好！&quot;}]\n}\'', '备注：\n1.提取参数用来传给下一个接口做入参:\n2.预期返回字段名 是用来做期望值的对比': '', '接口URL': 'http://localhost:11435/api/chat', ...}.get">test_api.py:53: in test_excel_case_
    assert res.status_code == case_dict.get("预期状态码")
E   assert 500 == 200
E    +  where 500 = &lt;Response [500]&gt;.status_code
E    +  and   200 = &lt;built-in method get of dict object at 0x000002B779AF5F00&gt;('预期状态码')
E    +    where &lt;built-in method get of dict object at 0x000002B779AF5F00&gt; = {'URL参数': '', 'json参数': '{\n  "model": "Qwen/Qwen3-0.6B-GGUF",\n  "messages": [{"role": "user", "content": "你好！"}]\n}\'', '备注：\n1.提取参数用来传给下一个接口做入参:\n2.预期返回字段名 是用来做期望值的对比': '', '接口URL': 'http://localhost:11435/api/chat', ...}.get</failure></testcase></testsuite></testsuites>